2026-02-14 13:55:42,662 [Worker-6: Loading available Gradle versions] INFO  o.e.b.c.i.u.g.PublishedGradleVersions - Gradle version information cache is not available. Remote download required.
2026-02-14 13:56:30,517 [Worker-5: Launching mavenrun-21699af8-23eb-4a50-b2ad-83aa9f332d32] INFO  o.eclipse.m2e.core.internal.Bundles - getClasspathEntries(Bundle=org.eclipse.m2e.maven.runtime_3.9.1101.20251020-1549 [649])
2026-02-14 13:56:30,521 [Worker-5: Launching mavenrun-21699af8-23eb-4a50-b2ad-83aa9f332d32] INFO  o.eclipse.m2e.core.internal.Bundles - 	Entry: C:\sdet\eclipse-jee-2025-12-R-win32-x86_64\eclipse\plugins\org.eclipse.m2e.maven.runtime_3.9.1101.20251020-1549
2026-02-14 13:56:30,521 [Worker-5: Launching mavenrun-21699af8-23eb-4a50-b2ad-83aa9f332d32] INFO  o.eclipse.m2e.core.internal.Bundles - 	Entry: C:\sdet\eclipse-jee-2025-12-R-win32-x86_64\eclipse\plugins\org.eclipse.m2e.maven.runtime_3.9.1101.20251020-1549\jars\aopalliance-1.0.jar
2026-02-14 13:56:30,522 [Worker-5: Launching mavenrun-21699af8-23eb-4a50-b2ad-83aa9f332d32] INFO  o.eclipse.m2e.core.internal.Bundles - 	Entry: C:\sdet\eclipse-jee-2025-12-R-win32-x86_64\eclipse\plugins\org.eclipse.m2e.maven.runtime_3.9.1101.20251020-1549\jars\asm-9.8.jar
2026-02-14 13:56:30,522 [Worker-5: Launching mavenrun-21699af8-23eb-4a50-b2ad-83aa9f332d32] INFO  o.eclipse.m2e.core.internal.Bundles - 	Entry: C:\sdet\eclipse-jee-2025-12-R-win32-x86_64\eclipse\plugins\org.eclipse.m2e.maven.runtime_3.9.1101.20251020-1549\jars\error_prone_annotations-2.38.0.jar
2026-02-14 13:56:30,522 [Worker-5: Launching mavenrun-21699af8-23eb-4a50-b2ad-83aa9f332d32] INFO  o.eclipse.m2e.core.internal.Bundles - 	Entry: C:\sdet\eclipse-jee-2025-12-R-win32-x86_64\eclipse\plugins\org.eclipse.m2e.maven.runtime_3.9.1101.20251020-1549\jars\gson-2.13.1.jar
2026-02-14 13:56:30,522 [Worker-5: Launching mavenrun-21699af8-23eb-4a50-b2ad-83aa9f332d32] INFO  o.eclipse.m2e.core.internal.Bundles - 	Entry: C:\sdet\eclipse-jee-2025-12-R-win32-x86_64\eclipse\plugins\org.eclipse.m2e.maven.runtime_3.9.1101.20251020-1549\jars\guice-5.1.0-classes.jar
2026-02-14 13:56:30,522 [Worker-5: Launching mavenrun-21699af8-23eb-4a50-b2ad-83aa9f332d32] INFO  o.eclipse.m2e.core.internal.Bundles - 	Entry: C:\sdet\eclipse-jee-2025-12-R-win32-x86_64\eclipse\plugins\org.eclipse.m2e.maven.runtime_3.9.1101.20251020-1549\jars\httpclient-4.5.14.jar
2026-02-14 13:56:30,522 [Worker-5: Launching mavenrun-21699af8-23eb-4a50-b2ad-83aa9f332d32] INFO  o.eclipse.m2e.core.internal.Bundles - 	Entry: C:\sdet\eclipse-jee-2025-12-R-win32-x86_64\eclipse\plugins\org.eclipse.m2e.maven.runtime_3.9.1101.20251020-1549\jars\httpcore-4.4.16.jar
2026-02-14 13:56:30,523 [Worker-5: Launching mavenrun-21699af8-23eb-4a50-b2ad-83aa9f332d32] INFO  o.eclipse.m2e.core.internal.Bundles - 	Entry: C:\sdet\eclipse-jee-2025-12-R-win32-x86_64\eclipse\plugins\org.eclipse.m2e.maven.runtime_3.9.1101.20251020-1549\jars\jansi-2.4.2.jar
2026-02-14 13:56:30,523 [Worker-5: Launching mavenrun-21699af8-23eb-4a50-b2ad-83aa9f332d32] INFO  o.eclipse.m2e.core.internal.Bundles - 	Entry: C:\sdet\eclipse-jee-2025-12-R-win32-x86_64\eclipse\plugins\org.eclipse.m2e.maven.runtime_3.9.1101.20251020-1549\jars\jcl-over-slf4j-1.7.36.jar
2026-02-14 13:56:30,523 [Worker-5: Launching mavenrun-21699af8-23eb-4a50-b2ad-83aa9f332d32] INFO  o.eclipse.m2e.core.internal.Bundles - 	Entry: C:\sdet\eclipse-jee-2025-12-R-win32-x86_64\eclipse\plugins\org.eclipse.m2e.maven.runtime_3.9.1101.20251020-1549\jars\maven-artifact-3.9.11.jar
2026-02-14 13:56:30,523 [Worker-5: Launching mavenrun-21699af8-23eb-4a50-b2ad-83aa9f332d32] INFO  o.eclipse.m2e.core.internal.Bundles - 	Entry: C:\sdet\eclipse-jee-2025-12-R-win32-x86_64\eclipse\plugins\org.eclipse.m2e.maven.runtime_3.9.1101.20251020-1549\jars\maven-builder-support-3.9.11.jar
2026-02-14 13:56:30,523 [Worker-5: Launching mavenrun-21699af8-23eb-4a50-b2ad-83aa9f332d32] INFO  o.eclipse.m2e.core.internal.Bundles - 	Entry: C:\sdet\eclipse-jee-2025-12-R-win32-x86_64\eclipse\plugins\org.eclipse.m2e.maven.runtime_3.9.1101.20251020-1549\jars\maven-compat-3.9.11.jar
2026-02-14 13:56:30,523 [Worker-5: Launching mavenrun-21699af8-23eb-4a50-b2ad-83aa9f332d32] INFO  o.eclipse.m2e.core.internal.Bundles - 	Entry: C:\sdet\eclipse-jee-2025-12-R-win32-x86_64\eclipse\plugins\org.eclipse.m2e.maven.runtime_3.9.1101.20251020-1549\jars\maven-core-3.9.11.jar
2026-02-14 13:56:30,523 [Worker-5: Launching mavenrun-21699af8-23eb-4a50-b2ad-83aa9f332d32] INFO  o.eclipse.m2e.core.internal.Bundles - 	Entry: C:\sdet\eclipse-jee-2025-12-R-win32-x86_64\eclipse\plugins\org.eclipse.m2e.maven.runtime_3.9.1101.20251020-1549\jars\maven-embedder-3.9.11.jar
2026-02-14 13:56:30,523 [Worker-5: Launching mavenrun-21699af8-23eb-4a50-b2ad-83aa9f332d32] INFO  o.eclipse.m2e.core.internal.Bundles - 	Entry: C:\sdet\eclipse-jee-2025-12-R-win32-x86_64\eclipse\plugins\org.eclipse.m2e.maven.runtime_3.9.1101.20251020-1549\jars\maven-model-3.9.11.jar
2026-02-14 13:56:30,523 [Worker-5: Launching mavenrun-21699af8-23eb-4a50-b2ad-83aa9f332d32] INFO  o.eclipse.m2e.core.internal.Bundles - 	Entry: C:\sdet\eclipse-jee-2025-12-R-win32-x86_64\eclipse\plugins\org.eclipse.m2e.maven.runtime_3.9.1101.20251020-1549\jars\maven-model-builder-3.9.11.jar
2026-02-14 13:56:30,524 [Worker-5: Launching mavenrun-21699af8-23eb-4a50-b2ad-83aa9f332d32] INFO  o.eclipse.m2e.core.internal.Bundles - 	Entry: C:\sdet\eclipse-jee-2025-12-R-win32-x86_64\eclipse\plugins\org.eclipse.m2e.maven.runtime_3.9.1101.20251020-1549\jars\maven-plugin-api-3.9.11.jar
2026-02-14 13:56:30,524 [Worker-5: Launching mavenrun-21699af8-23eb-4a50-b2ad-83aa9f332d32] INFO  o.eclipse.m2e.core.internal.Bundles - 	Entry: C:\sdet\eclipse-jee-2025-12-R-win32-x86_64\eclipse\plugins\org.eclipse.m2e.maven.runtime_3.9.1101.20251020-1549\jars\maven-repository-metadata-3.9.11.jar
2026-02-14 13:56:30,524 [Worker-5: Launching mavenrun-21699af8-23eb-4a50-b2ad-83aa9f332d32] INFO  o.eclipse.m2e.core.internal.Bundles - 	Entry: C:\sdet\eclipse-jee-2025-12-R-win32-x86_64\eclipse\plugins\org.eclipse.m2e.maven.runtime_3.9.1101.20251020-1549\jars\maven-resolver-api-1.9.24.jar
2026-02-14 13:56:30,524 [Worker-5: Launching mavenrun-21699af8-23eb-4a50-b2ad-83aa9f332d32] INFO  o.eclipse.m2e.core.internal.Bundles - 	Entry: C:\sdet\eclipse-jee-2025-12-R-win32-x86_64\eclipse\plugins\org.eclipse.m2e.maven.runtime_3.9.1101.20251020-1549\jars\maven-resolver-connector-basic-1.9.24.jar
2026-02-14 13:56:30,524 [Worker-5: Launching mavenrun-21699af8-23eb-4a50-b2ad-83aa9f332d32] INFO  o.eclipse.m2e.core.internal.Bundles - 	Entry: C:\sdet\eclipse-jee-2025-12-R-win32-x86_64\eclipse\plugins\org.eclipse.m2e.maven.runtime_3.9.1101.20251020-1549\jars\maven-resolver-impl-1.9.24.jar
2026-02-14 13:56:30,525 [Worker-5: Launching mavenrun-21699af8-23eb-4a50-b2ad-83aa9f332d32] INFO  o.eclipse.m2e.core.internal.Bundles - 	Entry: C:\sdet\eclipse-jee-2025-12-R-win32-x86_64\eclipse\plugins\org.eclipse.m2e.maven.runtime_3.9.1101.20251020-1549\jars\maven-resolver-named-locks-1.9.24.jar
2026-02-14 13:56:30,525 [Worker-5: Launching mavenrun-21699af8-23eb-4a50-b2ad-83aa9f332d32] INFO  o.eclipse.m2e.core.internal.Bundles - 	Entry: C:\sdet\eclipse-jee-2025-12-R-win32-x86_64\eclipse\plugins\org.eclipse.m2e.maven.runtime_3.9.1101.20251020-1549\jars\maven-resolver-provider-3.9.11.jar
2026-02-14 13:56:30,525 [Worker-5: Launching mavenrun-21699af8-23eb-4a50-b2ad-83aa9f332d32] INFO  o.eclipse.m2e.core.internal.Bundles - 	Entry: C:\sdet\eclipse-jee-2025-12-R-win32-x86_64\eclipse\plugins\org.eclipse.m2e.maven.runtime_3.9.1101.20251020-1549\jars\maven-resolver-spi-1.9.24.jar
2026-02-14 13:56:30,525 [Worker-5: Launching mavenrun-21699af8-23eb-4a50-b2ad-83aa9f332d32] INFO  o.eclipse.m2e.core.internal.Bundles - 	Entry: C:\sdet\eclipse-jee-2025-12-R-win32-x86_64\eclipse\plugins\org.eclipse.m2e.maven.runtime_3.9.1101.20251020-1549\jars\maven-resolver-transport-file-1.9.24.jar
2026-02-14 13:56:30,525 [Worker-5: Launching mavenrun-21699af8-23eb-4a50-b2ad-83aa9f332d32] INFO  o.eclipse.m2e.core.internal.Bundles - 	Entry: C:\sdet\eclipse-jee-2025-12-R-win32-x86_64\eclipse\plugins\org.eclipse.m2e.maven.runtime_3.9.1101.20251020-1549\jars\maven-resolver-transport-http-1.9.24.jar
2026-02-14 13:56:30,525 [Worker-5: Launching mavenrun-21699af8-23eb-4a50-b2ad-83aa9f332d32] INFO  o.eclipse.m2e.core.internal.Bundles - 	Entry: C:\sdet\eclipse-jee-2025-12-R-win32-x86_64\eclipse\plugins\org.eclipse.m2e.maven.runtime_3.9.1101.20251020-1549\jars\maven-resolver-transport-wagon-1.9.24.jar
2026-02-14 13:56:30,525 [Worker-5: Launching mavenrun-21699af8-23eb-4a50-b2ad-83aa9f332d32] INFO  o.eclipse.m2e.core.internal.Bundles - 	Entry: C:\sdet\eclipse-jee-2025-12-R-win32-x86_64\eclipse\plugins\org.eclipse.m2e.maven.runtime_3.9.1101.20251020-1549\jars\maven-resolver-util-1.9.24.jar
2026-02-14 13:56:30,525 [Worker-5: Launching mavenrun-21699af8-23eb-4a50-b2ad-83aa9f332d32] INFO  o.eclipse.m2e.core.internal.Bundles - 	Entry: C:\sdet\eclipse-jee-2025-12-R-win32-x86_64\eclipse\plugins\org.eclipse.m2e.maven.runtime_3.9.1101.20251020-1549\jars\maven-settings-3.9.11.jar
2026-02-14 13:56:30,525 [Worker-5: Launching mavenrun-21699af8-23eb-4a50-b2ad-83aa9f332d32] INFO  o.eclipse.m2e.core.internal.Bundles - 	Entry: C:\sdet\eclipse-jee-2025-12-R-win32-x86_64\eclipse\plugins\org.eclipse.m2e.maven.runtime_3.9.1101.20251020-1549\jars\maven-settings-builder-3.9.11.jar
2026-02-14 13:56:30,526 [Worker-5: Launching mavenrun-21699af8-23eb-4a50-b2ad-83aa9f332d32] INFO  o.eclipse.m2e.core.internal.Bundles - 	Entry: C:\sdet\eclipse-jee-2025-12-R-win32-x86_64\eclipse\plugins\org.eclipse.m2e.maven.runtime_3.9.1101.20251020-1549\jars\maven-shared-utils-3.4.2.jar
2026-02-14 13:56:30,526 [Worker-5: Launching mavenrun-21699af8-23eb-4a50-b2ad-83aa9f332d32] INFO  o.eclipse.m2e.core.internal.Bundles - 	Entry: C:\sdet\eclipse-jee-2025-12-R-win32-x86_64\eclipse\plugins\org.eclipse.m2e.maven.runtime_3.9.1101.20251020-1549\jars\org.eclipse.sisu.inject-0.9.0.M4.jar
2026-02-14 13:56:30,526 [Worker-5: Launching mavenrun-21699af8-23eb-4a50-b2ad-83aa9f332d32] INFO  o.eclipse.m2e.core.internal.Bundles - 	Entry: C:\sdet\eclipse-jee-2025-12-R-win32-x86_64\eclipse\plugins\org.eclipse.m2e.maven.runtime_3.9.1101.20251020-1549\jars\org.eclipse.sisu.plexus-0.9.0.M4.jar
2026-02-14 13:56:30,526 [Worker-5: Launching mavenrun-21699af8-23eb-4a50-b2ad-83aa9f332d32] INFO  o.eclipse.m2e.core.internal.Bundles - 	Entry: C:\sdet\eclipse-jee-2025-12-R-win32-x86_64\eclipse\plugins\org.eclipse.m2e.maven.runtime_3.9.1101.20251020-1549\jars\plexus-build-api-0.0.7.jar
2026-02-14 13:56:30,526 [Worker-5: Launching mavenrun-21699af8-23eb-4a50-b2ad-83aa9f332d32] INFO  o.eclipse.m2e.core.internal.Bundles - 	Entry: C:\sdet\eclipse-jee-2025-12-R-win32-x86_64\eclipse\plugins\org.eclipse.m2e.maven.runtime_3.9.1101.20251020-1549\jars\plexus-build-api-1.2.0.jar
2026-02-14 13:56:30,526 [Worker-5: Launching mavenrun-21699af8-23eb-4a50-b2ad-83aa9f332d32] INFO  o.eclipse.m2e.core.internal.Bundles - 	Entry: C:\sdet\eclipse-jee-2025-12-R-win32-x86_64\eclipse\plugins\org.eclipse.m2e.maven.runtime_3.9.1101.20251020-1549\jars\plexus-cipher-2.0.jar
2026-02-14 13:56:30,526 [Worker-5: Launching mavenrun-21699af8-23eb-4a50-b2ad-83aa9f332d32] INFO  o.eclipse.m2e.core.internal.Bundles - 	Entry: C:\sdet\eclipse-jee-2025-12-R-win32-x86_64\eclipse\plugins\org.eclipse.m2e.maven.runtime_3.9.1101.20251020-1549\jars\plexus-classworlds-2.9.0.jar
2026-02-14 13:56:30,527 [Worker-5: Launching mavenrun-21699af8-23eb-4a50-b2ad-83aa9f332d32] INFO  o.eclipse.m2e.core.internal.Bundles - 	Entry: C:\sdet\eclipse-jee-2025-12-R-win32-x86_64\eclipse\plugins\org.eclipse.m2e.maven.runtime_3.9.1101.20251020-1549\jars\plexus-component-annotations-2.2.0.jar
2026-02-14 13:56:30,527 [Worker-5: Launching mavenrun-21699af8-23eb-4a50-b2ad-83aa9f332d32] INFO  o.eclipse.m2e.core.internal.Bundles - 	Entry: C:\sdet\eclipse-jee-2025-12-R-win32-x86_64\eclipse\plugins\org.eclipse.m2e.maven.runtime_3.9.1101.20251020-1549\jars\plexus-interpolation-1.28.jar
2026-02-14 13:56:30,527 [Worker-5: Launching mavenrun-21699af8-23eb-4a50-b2ad-83aa9f332d32] INFO  o.eclipse.m2e.core.internal.Bundles - 	Entry: C:\sdet\eclipse-jee-2025-12-R-win32-x86_64\eclipse\plugins\org.eclipse.m2e.maven.runtime_3.9.1101.20251020-1549\jars\plexus-sec-dispatcher-2.0.jar
2026-02-14 13:56:30,527 [Worker-5: Launching mavenrun-21699af8-23eb-4a50-b2ad-83aa9f332d32] INFO  o.eclipse.m2e.core.internal.Bundles - 	Entry: C:\sdet\eclipse-jee-2025-12-R-win32-x86_64\eclipse\plugins\org.eclipse.m2e.maven.runtime_3.9.1101.20251020-1549\jars\plexus-utils-3.6.0.jar
2026-02-14 13:56:30,527 [Worker-5: Launching mavenrun-21699af8-23eb-4a50-b2ad-83aa9f332d32] INFO  o.eclipse.m2e.core.internal.Bundles - 	Entry: C:\sdet\eclipse-jee-2025-12-R-win32-x86_64\eclipse\plugins\org.eclipse.m2e.maven.runtime_3.9.1101.20251020-1549\jars\wagon-file-3.5.3.jar
2026-02-14 13:56:30,528 [Worker-5: Launching mavenrun-21699af8-23eb-4a50-b2ad-83aa9f332d32] INFO  o.eclipse.m2e.core.internal.Bundles - 	Entry: C:\sdet\eclipse-jee-2025-12-R-win32-x86_64\eclipse\plugins\org.eclipse.m2e.maven.runtime_3.9.1101.20251020-1549\jars\wagon-http-3.5.3.jar
2026-02-14 13:56:30,528 [Worker-5: Launching mavenrun-21699af8-23eb-4a50-b2ad-83aa9f332d32] INFO  o.eclipse.m2e.core.internal.Bundles - 	Entry: C:\sdet\eclipse-jee-2025-12-R-win32-x86_64\eclipse\plugins\org.eclipse.m2e.maven.runtime_3.9.1101.20251020-1549\jars\wagon-http-shared-3.5.3.jar
2026-02-14 13:56:30,528 [Worker-5: Launching mavenrun-21699af8-23eb-4a50-b2ad-83aa9f332d32] INFO  o.eclipse.m2e.core.internal.Bundles - 	Entry: C:\sdet\eclipse-jee-2025-12-R-win32-x86_64\eclipse\plugins\org.eclipse.m2e.maven.runtime_3.9.1101.20251020-1549\jars\wagon-provider-api-3.5.3.jar
2026-02-14 13:56:30,530 [Worker-5: Launching mavenrun-21699af8-23eb-4a50-b2ad-83aa9f332d32] INFO  o.eclipse.m2e.core.internal.Bundles - getClasspathEntries(Bundle=com.google.guava_33.5.0.jre [18])
2026-02-14 13:56:30,531 [Worker-5: Launching mavenrun-21699af8-23eb-4a50-b2ad-83aa9f332d32] INFO  o.eclipse.m2e.core.internal.Bundles - 	Entry: C:\sdet\eclipse-jee-2025-12-R-win32-x86_64\eclipse\plugins\com.google.guava_33.5.0.jre.jar
2026-02-14 13:56:30,531 [Worker-5: Launching mavenrun-21699af8-23eb-4a50-b2ad-83aa9f332d32] INFO  o.eclipse.m2e.core.internal.Bundles - getClasspathEntries(Bundle=slf4j.api_2.0.17 [1014])
2026-02-14 13:56:30,532 [Worker-5: Launching mavenrun-21699af8-23eb-4a50-b2ad-83aa9f332d32] INFO  o.eclipse.m2e.core.internal.Bundles - 	Entry: C:\sdet\eclipse-jee-2025-12-R-win32-x86_64\eclipse\plugins\slf4j.api_2.0.17.jar
2026-02-14 13:56:30,532 [Worker-5: Launching mavenrun-21699af8-23eb-4a50-b2ad-83aa9f332d32] INFO  o.eclipse.m2e.core.internal.Bundles - getClasspathEntries(Bundle=javax.inject_1.0.0.v20091030 [1084])
2026-02-14 13:56:30,533 [Worker-5: Launching mavenrun-21699af8-23eb-4a50-b2ad-83aa9f332d32] INFO  o.eclipse.m2e.core.internal.Bundles - 	Entry: C:\sdet\eclipse-jee-2025-12-R-win32-x86_64\eclipse\plugins\javax.inject_1.0.0.v20091030.jar
2026-02-14 13:56:30,533 [Worker-5: Launching mavenrun-21699af8-23eb-4a50-b2ad-83aa9f332d32] INFO  o.eclipse.m2e.core.internal.Bundles - getClasspathEntries(Bundle=javax.annotation_1.3.5.v20200909-1856 [1083])
2026-02-14 13:56:30,533 [Worker-5: Launching mavenrun-21699af8-23eb-4a50-b2ad-83aa9f332d32] INFO  o.eclipse.m2e.core.internal.Bundles - 	Entry: C:\sdet\eclipse-jee-2025-12-R-win32-x86_64\eclipse\plugins\javax.annotation_1.3.5.v20200909-1856.jar
2026-02-14 13:56:30,533 [Worker-5: Launching mavenrun-21699af8-23eb-4a50-b2ad-83aa9f332d32] INFO  o.eclipse.m2e.core.internal.Bundles - getClasspathEntries(Bundle=org.apache.commons.cli_1.11.0 [82])
2026-02-14 13:56:30,534 [Worker-5: Launching mavenrun-21699af8-23eb-4a50-b2ad-83aa9f332d32] INFO  o.eclipse.m2e.core.internal.Bundles - 	Entry: C:\sdet\eclipse-jee-2025-12-R-win32-x86_64\eclipse\plugins\org.apache.commons.cli_1.11.0.jar
2026-02-14 13:56:30,534 [Worker-5: Launching mavenrun-21699af8-23eb-4a50-b2ad-83aa9f332d32] INFO  o.eclipse.m2e.core.internal.Bundles - getClasspathEntries(Bundle=org.apache.commons.commons-codec_1.20.0 [84])
2026-02-14 13:56:30,534 [Worker-5: Launching mavenrun-21699af8-23eb-4a50-b2ad-83aa9f332d32] INFO  o.eclipse.m2e.core.internal.Bundles - 	Entry: C:\sdet\eclipse-jee-2025-12-R-win32-x86_64\eclipse\plugins\org.apache.commons.commons-codec_1.20.0.jar
2026-02-14 13:56:30,534 [Worker-5: Launching mavenrun-21699af8-23eb-4a50-b2ad-83aa9f332d32] INFO  o.eclipse.m2e.core.internal.Bundles - getClasspathEntries(Bundle=com.google.guava.failureaccess_1.0.3 [19])
2026-02-14 13:56:30,534 [Worker-5: Launching mavenrun-21699af8-23eb-4a50-b2ad-83aa9f332d32] INFO  o.eclipse.m2e.core.internal.Bundles - 	Entry: C:\sdet\eclipse-jee-2025-12-R-win32-x86_64\eclipse\plugins\com.google.guava.failureaccess_1.0.3.jar
2026-02-14 13:56:30,539 [Worker-5: Launching mavenrun-21699af8-23eb-4a50-b2ad-83aa9f332d32] INFO  o.e.m.i.launch.MavenLaunchDelegate - Run build in "C:\Users\amuly\AppData\Local\Temp\m2e-archetypeGenerator8024904877774429544":
2026-02-14 13:56:30,547 [Worker-5: Launching mavenrun-21699af8-23eb-4a50-b2ad-83aa9f332d32] INFO  o.e.m.i.launch.MavenLaunchDelegate -  mvn  -DjavaCompilerVersion=17 -DjunitVersion=5.11.0 -DarchetypeGroupId=org.apache.maven.archetypes -DarchetypeArtifactId=maven-archetype-quickstart -DarchetypeVersion=1.5 -DgroupId=com.capgemini -DartifactId=assignment -Dversion=0.0.1-SNAPSHOT -Dpackage=com.capgemini.assignment -DoutputDirectory=C:\Users\amuly\Desktop\Assignment -Dstyle.color=always -U archetype:generate
2026-02-14 13:56:52,197 [Worker-32: Creating maven-archetype-quickstart] INFO  o.e.m.c.i.p.ProjectConfigurationManager - Collecting project info '/pom.xml' C:\Users\amuly\Desktop\Assignment\assignment\pom.xml
2026-02-14 13:56:59,545 [Worker-32: Creating maven-archetype-quickstart] INFO  o.e.m.c.i.l.LifecycleMappingFactory - Using org.eclipse.m2e.jdt.JarLifecycleMapping lifecycle mapping for MavenProject: com.capgemini:assignment:0.0.1-SNAPSHOT @ C:\Users\amuly\Desktop\Assignment\assignment\pom.xml.
2026-02-14 13:57:01,885 [Worker-32: Creating maven-archetype-quickstart] INFO  o.e.m.j.i.AbstractJavaProjectConfigurator - Adding source folder /assignment/src/main/java
2026-02-14 13:57:01,887 [Worker-32: Creating maven-archetype-quickstart] INFO  o.e.m.j.i.AbstractJavaProjectConfigurator - Adding resource folder /assignment/src/main/resources
2026-02-14 13:57:01,902 [Worker-32: Creating maven-archetype-quickstart] INFO  o.e.m.j.i.AbstractJavaProjectConfigurator - Adding source folder /assignment/src/test/java
2026-02-14 13:57:01,903 [Worker-32: Creating maven-archetype-quickstart] INFO  o.e.m.j.i.AbstractJavaProjectConfigurator - Adding resource folder /assignment/src/test/resources
2026-02-14 13:57:02,844 [Worker-32: Creating maven-archetype-quickstart] WARN  o.apache.maven.project.MavenProject - Direct modification of compileSourceRoots through clear() is deprecated and will not work in Maven 4.0.0. Please use the add/remove methods instead. If you're using a plugin that causes this warning, please upgrade to the latest version and report an issue if the warning persists. To disable these warnings, set -Dmaven.project.sourceRoots.warningsDisabled=true on the command line, in the .mvn/maven.config file, or in project POM properties.
2026-02-14 13:57:02,846 [Worker-32: Creating maven-archetype-quickstart] WARN  o.apache.maven.project.MavenProject - Direct modification of compileSourceRoots through add() is deprecated and will not work in Maven 4.0.0. Please use the add/remove methods instead. If you're using a plugin that causes this warning, please upgrade to the latest version and report an issue if the warning persists. To disable these warnings, set -Dmaven.project.sourceRoots.warningsDisabled=true on the command line, in the .mvn/maven.config file, or in project POM properties.
2026-02-14 13:57:02,847 [Worker-32: Creating maven-archetype-quickstart] WARN  o.apache.maven.project.MavenProject - Direct modification of testCompileSourceRoots through clear() is deprecated and will not work in Maven 4.0.0. Please use the add/remove methods instead. If you're using a plugin that causes this warning, please upgrade to the latest version and report an issue if the warning persists. To disable these warnings, set -Dmaven.project.sourceRoots.warningsDisabled=true on the command line, in the .mvn/maven.config file, or in project POM properties.
2026-02-14 13:57:02,848 [Worker-32: Creating maven-archetype-quickstart] WARN  o.apache.maven.project.MavenProject - Direct modification of testCompileSourceRoots through add() is deprecated and will not work in Maven 4.0.0. Please use the add/remove methods instead. If you're using a plugin that causes this warning, please upgrade to the latest version and report an issue if the warning persists. To disable these warnings, set -Dmaven.project.sourceRoots.warningsDisabled=true on the command line, in the .mvn/maven.config file, or in project POM properties.
2026-02-14 13:57:02,894 [Worker-32: Creating maven-archetype-quickstart] INFO  o.e.m.c.i.p.ProjectConfigurationManager - Imported and configured 1 project(s) in 10 sec
2026-02-14 13:57:04,878 [Worker-17: Building] INFO  o.a.m.s.f.DefaultMavenResourcesFiltering - skip non existing resourceDirectory C:\Users\amuly\Desktop\Assignment\assignment\src\main\resources
2026-02-14 13:57:04,887 [Worker-17: Building] INFO  o.a.m.s.f.DefaultMavenResourcesFiltering - skip non existing resourceDirectory C:\Users\amuly\Desktop\Assignment\assignment\src\test\resources
2026-02-14 13:57:05,658 [Worker-17: Building] WARN  o.apache.maven.project.MavenProject - Direct modification of compileSourceRoots through clear() is deprecated and will not work in Maven 4.0.0. Please use the add/remove methods instead. If you're using a plugin that causes this warning, please upgrade to the latest version and report an issue if the warning persists. To disable these warnings, set -Dmaven.project.sourceRoots.warningsDisabled=true on the command line, in the .mvn/maven.config file, or in project POM properties.
2026-02-14 13:57:05,660 [Worker-17: Building] WARN  o.apache.maven.project.MavenProject - Direct modification of compileSourceRoots through add() is deprecated and will not work in Maven 4.0.0. Please use the add/remove methods instead. If you're using a plugin that causes this warning, please upgrade to the latest version and report an issue if the warning persists. To disable these warnings, set -Dmaven.project.sourceRoots.warningsDisabled=true on the command line, in the .mvn/maven.config file, or in project POM properties.
2026-02-14 13:57:05,661 [Worker-17: Building] WARN  o.apache.maven.project.MavenProject - Direct modification of testCompileSourceRoots through clear() is deprecated and will not work in Maven 4.0.0. Please use the add/remove methods instead. If you're using a plugin that causes this warning, please upgrade to the latest version and report an issue if the warning persists. To disable these warnings, set -Dmaven.project.sourceRoots.warningsDisabled=true on the command line, in the .mvn/maven.config file, or in project POM properties.
2026-02-14 13:57:05,663 [Worker-17: Building] WARN  o.apache.maven.project.MavenProject - Direct modification of testCompileSourceRoots through add() is deprecated and will not work in Maven 4.0.0. Please use the add/remove methods instead. If you're using a plugin that causes this warning, please upgrade to the latest version and report an issue if the warning persists. To disable these warnings, set -Dmaven.project.sourceRoots.warningsDisabled=true on the command line, in the .mvn/maven.config file, or in project POM properties.
2026-02-14 14:07:16,847 [Worker-42: Building] INFO  o.a.m.s.f.DefaultMavenResourcesFiltering - Copying 0 resource from src\main\resources to target\classes
2026-02-14 14:07:16,853 [Worker-42: Building] INFO  o.a.m.s.f.DefaultMavenResourcesFiltering - Copying 0 resource from src\test\resources to target\test-classes
2026-02-14 14:07:16,878 [Worker-42: Building] WARN  o.apache.maven.project.MavenProject - Direct modification of compileSourceRoots through clear() is deprecated and will not work in Maven 4.0.0. Please use the add/remove methods instead. If you're using a plugin that causes this warning, please upgrade to the latest version and report an issue if the warning persists. To disable these warnings, set -Dmaven.project.sourceRoots.warningsDisabled=true on the command line, in the .mvn/maven.config file, or in project POM properties.
2026-02-14 14:07:16,880 [Worker-42: Building] WARN  o.apache.maven.project.MavenProject - Direct modification of compileSourceRoots through add() is deprecated and will not work in Maven 4.0.0. Please use the add/remove methods instead. If you're using a plugin that causes this warning, please upgrade to the latest version and report an issue if the warning persists. To disable these warnings, set -Dmaven.project.sourceRoots.warningsDisabled=true on the command line, in the .mvn/maven.config file, or in project POM properties.
2026-02-14 14:07:16,881 [Worker-42: Building] WARN  o.apache.maven.project.MavenProject - Direct modification of testCompileSourceRoots through clear() is deprecated and will not work in Maven 4.0.0. Please use the add/remove methods instead. If you're using a plugin that causes this warning, please upgrade to the latest version and report an issue if the warning persists. To disable these warnings, set -Dmaven.project.sourceRoots.warningsDisabled=true on the command line, in the .mvn/maven.config file, or in project POM properties.
2026-02-14 14:07:16,883 [Worker-42: Building] WARN  o.apache.maven.project.MavenProject - Direct modification of testCompileSourceRoots through add() is deprecated and will not work in Maven 4.0.0. Please use the add/remove methods instead. If you're using a plugin that causes this warning, please upgrade to the latest version and report an issue if the warning persists. To disable these warnings, set -Dmaven.project.sourceRoots.warningsDisabled=true on the command line, in the .mvn/maven.config file, or in project POM properties.
2026-02-14 14:08:04,078 [Worker-41: Launching mavenrun-9d15b0bf-f5f4-4b91-a597-aba5cb638067] INFO  o.eclipse.m2e.core.internal.Bundles - getClasspathEntries(Bundle=org.eclipse.m2e.maven.runtime_3.9.1101.20251020-1549 [649])
2026-02-14 14:08:04,089 [Worker-41: Launching mavenrun-9d15b0bf-f5f4-4b91-a597-aba5cb638067] INFO  o.eclipse.m2e.core.internal.Bundles - 	Entry: C:\sdet\eclipse-jee-2025-12-R-win32-x86_64\eclipse\plugins\org.eclipse.m2e.maven.runtime_3.9.1101.20251020-1549
2026-02-14 14:08:04,090 [Worker-41: Launching mavenrun-9d15b0bf-f5f4-4b91-a597-aba5cb638067] INFO  o.eclipse.m2e.core.internal.Bundles - 	Entry: C:\sdet\eclipse-jee-2025-12-R-win32-x86_64\eclipse\plugins\org.eclipse.m2e.maven.runtime_3.9.1101.20251020-1549\jars\aopalliance-1.0.jar
2026-02-14 14:08:04,091 [Worker-41: Launching mavenrun-9d15b0bf-f5f4-4b91-a597-aba5cb638067] INFO  o.eclipse.m2e.core.internal.Bundles - 	Entry: C:\sdet\eclipse-jee-2025-12-R-win32-x86_64\eclipse\plugins\org.eclipse.m2e.maven.runtime_3.9.1101.20251020-1549\jars\asm-9.8.jar
2026-02-14 14:08:04,091 [Worker-41: Launching mavenrun-9d15b0bf-f5f4-4b91-a597-aba5cb638067] INFO  o.eclipse.m2e.core.internal.Bundles - 	Entry: C:\sdet\eclipse-jee-2025-12-R-win32-x86_64\eclipse\plugins\org.eclipse.m2e.maven.runtime_3.9.1101.20251020-1549\jars\error_prone_annotations-2.38.0.jar
2026-02-14 14:08:04,091 [Worker-41: Launching mavenrun-9d15b0bf-f5f4-4b91-a597-aba5cb638067] INFO  o.eclipse.m2e.core.internal.Bundles - 	Entry: C:\sdet\eclipse-jee-2025-12-R-win32-x86_64\eclipse\plugins\org.eclipse.m2e.maven.runtime_3.9.1101.20251020-1549\jars\gson-2.13.1.jar
2026-02-14 14:08:04,091 [Worker-41: Launching mavenrun-9d15b0bf-f5f4-4b91-a597-aba5cb638067] INFO  o.eclipse.m2e.core.internal.Bundles - 	Entry: C:\sdet\eclipse-jee-2025-12-R-win32-x86_64\eclipse\plugins\org.eclipse.m2e.maven.runtime_3.9.1101.20251020-1549\jars\guice-5.1.0-classes.jar
2026-02-14 14:08:04,094 [Worker-41: Launching mavenrun-9d15b0bf-f5f4-4b91-a597-aba5cb638067] INFO  o.eclipse.m2e.core.internal.Bundles - 	Entry: C:\sdet\eclipse-jee-2025-12-R-win32-x86_64\eclipse\plugins\org.eclipse.m2e.maven.runtime_3.9.1101.20251020-1549\jars\httpclient-4.5.14.jar
2026-02-14 14:08:04,095 [Worker-41: Launching mavenrun-9d15b0bf-f5f4-4b91-a597-aba5cb638067] INFO  o.eclipse.m2e.core.internal.Bundles - 	Entry: C:\sdet\eclipse-jee-2025-12-R-win32-x86_64\eclipse\plugins\org.eclipse.m2e.maven.runtime_3.9.1101.20251020-1549\jars\httpcore-4.4.16.jar
2026-02-14 14:08:04,095 [Worker-41: Launching mavenrun-9d15b0bf-f5f4-4b91-a597-aba5cb638067] INFO  o.eclipse.m2e.core.internal.Bundles - 	Entry: C:\sdet\eclipse-jee-2025-12-R-win32-x86_64\eclipse\plugins\org.eclipse.m2e.maven.runtime_3.9.1101.20251020-1549\jars\jansi-2.4.2.jar
2026-02-14 14:08:04,095 [Worker-41: Launching mavenrun-9d15b0bf-f5f4-4b91-a597-aba5cb638067] INFO  o.eclipse.m2e.core.internal.Bundles - 	Entry: C:\sdet\eclipse-jee-2025-12-R-win32-x86_64\eclipse\plugins\org.eclipse.m2e.maven.runtime_3.9.1101.20251020-1549\jars\jcl-over-slf4j-1.7.36.jar
2026-02-14 14:08:04,095 [Worker-41: Launching mavenrun-9d15b0bf-f5f4-4b91-a597-aba5cb638067] INFO  o.eclipse.m2e.core.internal.Bundles - 	Entry: C:\sdet\eclipse-jee-2025-12-R-win32-x86_64\eclipse\plugins\org.eclipse.m2e.maven.runtime_3.9.1101.20251020-1549\jars\maven-artifact-3.9.11.jar
2026-02-14 14:08:04,095 [Worker-41: Launching mavenrun-9d15b0bf-f5f4-4b91-a597-aba5cb638067] INFO  o.eclipse.m2e.core.internal.Bundles - 	Entry: C:\sdet\eclipse-jee-2025-12-R-win32-x86_64\eclipse\plugins\org.eclipse.m2e.maven.runtime_3.9.1101.20251020-1549\jars\maven-builder-support-3.9.11.jar
2026-02-14 14:08:04,096 [Worker-41: Launching mavenrun-9d15b0bf-f5f4-4b91-a597-aba5cb638067] INFO  o.eclipse.m2e.core.internal.Bundles - 	Entry: C:\sdet\eclipse-jee-2025-12-R-win32-x86_64\eclipse\plugins\org.eclipse.m2e.maven.runtime_3.9.1101.20251020-1549\jars\maven-compat-3.9.11.jar
2026-02-14 14:08:04,096 [Worker-41: Launching mavenrun-9d15b0bf-f5f4-4b91-a597-aba5cb638067] INFO  o.eclipse.m2e.core.internal.Bundles - 	Entry: C:\sdet\eclipse-jee-2025-12-R-win32-x86_64\eclipse\plugins\org.eclipse.m2e.maven.runtime_3.9.1101.20251020-1549\jars\maven-core-3.9.11.jar
2026-02-14 14:08:04,096 [Worker-41: Launching mavenrun-9d15b0bf-f5f4-4b91-a597-aba5cb638067] INFO  o.eclipse.m2e.core.internal.Bundles - 	Entry: C:\sdet\eclipse-jee-2025-12-R-win32-x86_64\eclipse\plugins\org.eclipse.m2e.maven.runtime_3.9.1101.20251020-1549\jars\maven-embedder-3.9.11.jar
2026-02-14 14:08:04,096 [Worker-41: Launching mavenrun-9d15b0bf-f5f4-4b91-a597-aba5cb638067] INFO  o.eclipse.m2e.core.internal.Bundles - 	Entry: C:\sdet\eclipse-jee-2025-12-R-win32-x86_64\eclipse\plugins\org.eclipse.m2e.maven.runtime_3.9.1101.20251020-1549\jars\maven-model-3.9.11.jar
2026-02-14 14:08:04,097 [Worker-41: Launching mavenrun-9d15b0bf-f5f4-4b91-a597-aba5cb638067] INFO  o.eclipse.m2e.core.internal.Bundles - 	Entry: C:\sdet\eclipse-jee-2025-12-R-win32-x86_64\eclipse\plugins\org.eclipse.m2e.maven.runtime_3.9.1101.20251020-1549\jars\maven-model-builder-3.9.11.jar
2026-02-14 14:08:04,097 [Worker-41: Launching mavenrun-9d15b0bf-f5f4-4b91-a597-aba5cb638067] INFO  o.eclipse.m2e.core.internal.Bundles - 	Entry: C:\sdet\eclipse-jee-2025-12-R-win32-x86_64\eclipse\plugins\org.eclipse.m2e.maven.runtime_3.9.1101.20251020-1549\jars\maven-plugin-api-3.9.11.jar
2026-02-14 14:08:04,098 [Worker-41: Launching mavenrun-9d15b0bf-f5f4-4b91-a597-aba5cb638067] INFO  o.eclipse.m2e.core.internal.Bundles - 	Entry: C:\sdet\eclipse-jee-2025-12-R-win32-x86_64\eclipse\plugins\org.eclipse.m2e.maven.runtime_3.9.1101.20251020-1549\jars\maven-repository-metadata-3.9.11.jar
2026-02-14 14:08:04,099 [Worker-41: Launching mavenrun-9d15b0bf-f5f4-4b91-a597-aba5cb638067] INFO  o.eclipse.m2e.core.internal.Bundles - 	Entry: C:\sdet\eclipse-jee-2025-12-R-win32-x86_64\eclipse\plugins\org.eclipse.m2e.maven.runtime_3.9.1101.20251020-1549\jars\maven-resolver-api-1.9.24.jar
2026-02-14 14:08:04,099 [Worker-41: Launching mavenrun-9d15b0bf-f5f4-4b91-a597-aba5cb638067] INFO  o.eclipse.m2e.core.internal.Bundles - 	Entry: C:\sdet\eclipse-jee-2025-12-R-win32-x86_64\eclipse\plugins\org.eclipse.m2e.maven.runtime_3.9.1101.20251020-1549\jars\maven-resolver-connector-basic-1.9.24.jar
2026-02-14 14:08:04,099 [Worker-41: Launching mavenrun-9d15b0bf-f5f4-4b91-a597-aba5cb638067] INFO  o.eclipse.m2e.core.internal.Bundles - 	Entry: C:\sdet\eclipse-jee-2025-12-R-win32-x86_64\eclipse\plugins\org.eclipse.m2e.maven.runtime_3.9.1101.20251020-1549\jars\maven-resolver-impl-1.9.24.jar
2026-02-14 14:08:04,100 [Worker-41: Launching mavenrun-9d15b0bf-f5f4-4b91-a597-aba5cb638067] INFO  o.eclipse.m2e.core.internal.Bundles - 	Entry: C:\sdet\eclipse-jee-2025-12-R-win32-x86_64\eclipse\plugins\org.eclipse.m2e.maven.runtime_3.9.1101.20251020-1549\jars\maven-resolver-named-locks-1.9.24.jar
2026-02-14 14:08:04,101 [Worker-41: Launching mavenrun-9d15b0bf-f5f4-4b91-a597-aba5cb638067] INFO  o.eclipse.m2e.core.internal.Bundles - 	Entry: C:\sdet\eclipse-jee-2025-12-R-win32-x86_64\eclipse\plugins\org.eclipse.m2e.maven.runtime_3.9.1101.20251020-1549\jars\maven-resolver-provider-3.9.11.jar
2026-02-14 14:08:04,101 [Worker-41: Launching mavenrun-9d15b0bf-f5f4-4b91-a597-aba5cb638067] INFO  o.eclipse.m2e.core.internal.Bundles - 	Entry: C:\sdet\eclipse-jee-2025-12-R-win32-x86_64\eclipse\plugins\org.eclipse.m2e.maven.runtime_3.9.1101.20251020-1549\jars\maven-resolver-spi-1.9.24.jar
2026-02-14 14:08:04,101 [Worker-41: Launching mavenrun-9d15b0bf-f5f4-4b91-a597-aba5cb638067] INFO  o.eclipse.m2e.core.internal.Bundles - 	Entry: C:\sdet\eclipse-jee-2025-12-R-win32-x86_64\eclipse\plugins\org.eclipse.m2e.maven.runtime_3.9.1101.20251020-1549\jars\maven-resolver-transport-file-1.9.24.jar
2026-02-14 14:08:04,101 [Worker-41: Launching mavenrun-9d15b0bf-f5f4-4b91-a597-aba5cb638067] INFO  o.eclipse.m2e.core.internal.Bundles - 	Entry: C:\sdet\eclipse-jee-2025-12-R-win32-x86_64\eclipse\plugins\org.eclipse.m2e.maven.runtime_3.9.1101.20251020-1549\jars\maven-resolver-transport-http-1.9.24.jar
2026-02-14 14:08:04,102 [Worker-41: Launching mavenrun-9d15b0bf-f5f4-4b91-a597-aba5cb638067] INFO  o.eclipse.m2e.core.internal.Bundles - 	Entry: C:\sdet\eclipse-jee-2025-12-R-win32-x86_64\eclipse\plugins\org.eclipse.m2e.maven.runtime_3.9.1101.20251020-1549\jars\maven-resolver-transport-wagon-1.9.24.jar
2026-02-14 14:08:04,102 [Worker-41: Launching mavenrun-9d15b0bf-f5f4-4b91-a597-aba5cb638067] INFO  o.eclipse.m2e.core.internal.Bundles - 	Entry: C:\sdet\eclipse-jee-2025-12-R-win32-x86_64\eclipse\plugins\org.eclipse.m2e.maven.runtime_3.9.1101.20251020-1549\jars\maven-resolver-util-1.9.24.jar
2026-02-14 14:08:04,102 [Worker-41: Launching mavenrun-9d15b0bf-f5f4-4b91-a597-aba5cb638067] INFO  o.eclipse.m2e.core.internal.Bundles - 	Entry: C:\sdet\eclipse-jee-2025-12-R-win32-x86_64\eclipse\plugins\org.eclipse.m2e.maven.runtime_3.9.1101.20251020-1549\jars\maven-settings-3.9.11.jar
2026-02-14 14:08:04,102 [Worker-41: Launching mavenrun-9d15b0bf-f5f4-4b91-a597-aba5cb638067] INFO  o.eclipse.m2e.core.internal.Bundles - 	Entry: C:\sdet\eclipse-jee-2025-12-R-win32-x86_64\eclipse\plugins\org.eclipse.m2e.maven.runtime_3.9.1101.20251020-1549\jars\maven-settings-builder-3.9.11.jar
2026-02-14 14:08:04,102 [Worker-41: Launching mavenrun-9d15b0bf-f5f4-4b91-a597-aba5cb638067] INFO  o.eclipse.m2e.core.internal.Bundles - 	Entry: C:\sdet\eclipse-jee-2025-12-R-win32-x86_64\eclipse\plugins\org.eclipse.m2e.maven.runtime_3.9.1101.20251020-1549\jars\maven-shared-utils-3.4.2.jar
2026-02-14 14:08:04,102 [Worker-41: Launching mavenrun-9d15b0bf-f5f4-4b91-a597-aba5cb638067] INFO  o.eclipse.m2e.core.internal.Bundles - 	Entry: C:\sdet\eclipse-jee-2025-12-R-win32-x86_64\eclipse\plugins\org.eclipse.m2e.maven.runtime_3.9.1101.20251020-1549\jars\org.eclipse.sisu.inject-0.9.0.M4.jar
2026-02-14 14:08:04,103 [Worker-41: Launching mavenrun-9d15b0bf-f5f4-4b91-a597-aba5cb638067] INFO  o.eclipse.m2e.core.internal.Bundles - 	Entry: C:\sdet\eclipse-jee-2025-12-R-win32-x86_64\eclipse\plugins\org.eclipse.m2e.maven.runtime_3.9.1101.20251020-1549\jars\org.eclipse.sisu.plexus-0.9.0.M4.jar
2026-02-14 14:08:04,103 [Worker-41: Launching mavenrun-9d15b0bf-f5f4-4b91-a597-aba5cb638067] INFO  o.eclipse.m2e.core.internal.Bundles - 	Entry: C:\sdet\eclipse-jee-2025-12-R-win32-x86_64\eclipse\plugins\org.eclipse.m2e.maven.runtime_3.9.1101.20251020-1549\jars\plexus-build-api-0.0.7.jar
2026-02-14 14:08:04,104 [Worker-41: Launching mavenrun-9d15b0bf-f5f4-4b91-a597-aba5cb638067] INFO  o.eclipse.m2e.core.internal.Bundles - 	Entry: C:\sdet\eclipse-jee-2025-12-R-win32-x86_64\eclipse\plugins\org.eclipse.m2e.maven.runtime_3.9.1101.20251020-1549\jars\plexus-build-api-1.2.0.jar
2026-02-14 14:08:04,105 [Worker-41: Launching mavenrun-9d15b0bf-f5f4-4b91-a597-aba5cb638067] INFO  o.eclipse.m2e.core.internal.Bundles - 	Entry: C:\sdet\eclipse-jee-2025-12-R-win32-x86_64\eclipse\plugins\org.eclipse.m2e.maven.runtime_3.9.1101.20251020-1549\jars\plexus-cipher-2.0.jar
2026-02-14 14:08:04,105 [Worker-41: Launching mavenrun-9d15b0bf-f5f4-4b91-a597-aba5cb638067] INFO  o.eclipse.m2e.core.internal.Bundles - 	Entry: C:\sdet\eclipse-jee-2025-12-R-win32-x86_64\eclipse\plugins\org.eclipse.m2e.maven.runtime_3.9.1101.20251020-1549\jars\plexus-classworlds-2.9.0.jar
2026-02-14 14:08:04,105 [Worker-41: Launching mavenrun-9d15b0bf-f5f4-4b91-a597-aba5cb638067] INFO  o.eclipse.m2e.core.internal.Bundles - 	Entry: C:\sdet\eclipse-jee-2025-12-R-win32-x86_64\eclipse\plugins\org.eclipse.m2e.maven.runtime_3.9.1101.20251020-1549\jars\plexus-component-annotations-2.2.0.jar
2026-02-14 14:08:04,106 [Worker-41: Launching mavenrun-9d15b0bf-f5f4-4b91-a597-aba5cb638067] INFO  o.eclipse.m2e.core.internal.Bundles - 	Entry: C:\sdet\eclipse-jee-2025-12-R-win32-x86_64\eclipse\plugins\org.eclipse.m2e.maven.runtime_3.9.1101.20251020-1549\jars\plexus-interpolation-1.28.jar
2026-02-14 14:08:04,106 [Worker-41: Launching mavenrun-9d15b0bf-f5f4-4b91-a597-aba5cb638067] INFO  o.eclipse.m2e.core.internal.Bundles - 	Entry: C:\sdet\eclipse-jee-2025-12-R-win32-x86_64\eclipse\plugins\org.eclipse.m2e.maven.runtime_3.9.1101.20251020-1549\jars\plexus-sec-dispatcher-2.0.jar
2026-02-14 14:08:04,106 [Worker-41: Launching mavenrun-9d15b0bf-f5f4-4b91-a597-aba5cb638067] INFO  o.eclipse.m2e.core.internal.Bundles - 	Entry: C:\sdet\eclipse-jee-2025-12-R-win32-x86_64\eclipse\plugins\org.eclipse.m2e.maven.runtime_3.9.1101.20251020-1549\jars\plexus-utils-3.6.0.jar
2026-02-14 14:08:04,106 [Worker-41: Launching mavenrun-9d15b0bf-f5f4-4b91-a597-aba5cb638067] INFO  o.eclipse.m2e.core.internal.Bundles - 	Entry: C:\sdet\eclipse-jee-2025-12-R-win32-x86_64\eclipse\plugins\org.eclipse.m2e.maven.runtime_3.9.1101.20251020-1549\jars\wagon-file-3.5.3.jar
2026-02-14 14:08:04,106 [Worker-41: Launching mavenrun-9d15b0bf-f5f4-4b91-a597-aba5cb638067] INFO  o.eclipse.m2e.core.internal.Bundles - 	Entry: C:\sdet\eclipse-jee-2025-12-R-win32-x86_64\eclipse\plugins\org.eclipse.m2e.maven.runtime_3.9.1101.20251020-1549\jars\wagon-http-3.5.3.jar
2026-02-14 14:08:04,107 [Worker-41: Launching mavenrun-9d15b0bf-f5f4-4b91-a597-aba5cb638067] INFO  o.eclipse.m2e.core.internal.Bundles - 	Entry: C:\sdet\eclipse-jee-2025-12-R-win32-x86_64\eclipse\plugins\org.eclipse.m2e.maven.runtime_3.9.1101.20251020-1549\jars\wagon-http-shared-3.5.3.jar
2026-02-14 14:08:04,107 [Worker-41: Launching mavenrun-9d15b0bf-f5f4-4b91-a597-aba5cb638067] INFO  o.eclipse.m2e.core.internal.Bundles - 	Entry: C:\sdet\eclipse-jee-2025-12-R-win32-x86_64\eclipse\plugins\org.eclipse.m2e.maven.runtime_3.9.1101.20251020-1549\jars\wagon-provider-api-3.5.3.jar
2026-02-14 14:08:04,107 [Worker-41: Launching mavenrun-9d15b0bf-f5f4-4b91-a597-aba5cb638067] INFO  o.eclipse.m2e.core.internal.Bundles - getClasspathEntries(Bundle=com.google.guava_33.5.0.jre [18])
2026-02-14 14:08:04,108 [Worker-41: Launching mavenrun-9d15b0bf-f5f4-4b91-a597-aba5cb638067] INFO  o.eclipse.m2e.core.internal.Bundles - 	Entry: C:\sdet\eclipse-jee-2025-12-R-win32-x86_64\eclipse\plugins\com.google.guava_33.5.0.jre.jar
2026-02-14 14:08:04,108 [Worker-41: Launching mavenrun-9d15b0bf-f5f4-4b91-a597-aba5cb638067] INFO  o.eclipse.m2e.core.internal.Bundles - getClasspathEntries(Bundle=slf4j.api_2.0.17 [1014])
2026-02-14 14:08:04,109 [Worker-41: Launching mavenrun-9d15b0bf-f5f4-4b91-a597-aba5cb638067] INFO  o.eclipse.m2e.core.internal.Bundles - 	Entry: C:\sdet\eclipse-jee-2025-12-R-win32-x86_64\eclipse\plugins\slf4j.api_2.0.17.jar
2026-02-14 14:08:04,110 [Worker-41: Launching mavenrun-9d15b0bf-f5f4-4b91-a597-aba5cb638067] INFO  o.eclipse.m2e.core.internal.Bundles - getClasspathEntries(Bundle=javax.inject_1.0.0.v20091030 [1084])
2026-02-14 14:08:04,112 [Worker-41: Launching mavenrun-9d15b0bf-f5f4-4b91-a597-aba5cb638067] INFO  o.eclipse.m2e.core.internal.Bundles - 	Entry: C:\sdet\eclipse-jee-2025-12-R-win32-x86_64\eclipse\plugins\javax.inject_1.0.0.v20091030.jar
2026-02-14 14:08:04,112 [Worker-41: Launching mavenrun-9d15b0bf-f5f4-4b91-a597-aba5cb638067] INFO  o.eclipse.m2e.core.internal.Bundles - getClasspathEntries(Bundle=javax.annotation_1.3.5.v20200909-1856 [1083])
2026-02-14 14:08:04,113 [Worker-41: Launching mavenrun-9d15b0bf-f5f4-4b91-a597-aba5cb638067] INFO  o.eclipse.m2e.core.internal.Bundles - 	Entry: C:\sdet\eclipse-jee-2025-12-R-win32-x86_64\eclipse\plugins\javax.annotation_1.3.5.v20200909-1856.jar
2026-02-14 14:08:04,113 [Worker-41: Launching mavenrun-9d15b0bf-f5f4-4b91-a597-aba5cb638067] INFO  o.eclipse.m2e.core.internal.Bundles - getClasspathEntries(Bundle=org.apache.commons.cli_1.11.0 [82])
2026-02-14 14:08:04,114 [Worker-41: Launching mavenrun-9d15b0bf-f5f4-4b91-a597-aba5cb638067] INFO  o.eclipse.m2e.core.internal.Bundles - 	Entry: C:\sdet\eclipse-jee-2025-12-R-win32-x86_64\eclipse\plugins\org.apache.commons.cli_1.11.0.jar
2026-02-14 14:08:04,114 [Worker-41: Launching mavenrun-9d15b0bf-f5f4-4b91-a597-aba5cb638067] INFO  o.eclipse.m2e.core.internal.Bundles - getClasspathEntries(Bundle=org.apache.commons.commons-codec_1.20.0 [84])
2026-02-14 14:08:04,116 [Worker-41: Launching mavenrun-9d15b0bf-f5f4-4b91-a597-aba5cb638067] INFO  o.eclipse.m2e.core.internal.Bundles - 	Entry: C:\sdet\eclipse-jee-2025-12-R-win32-x86_64\eclipse\plugins\org.apache.commons.commons-codec_1.20.0.jar
2026-02-14 14:08:04,116 [Worker-41: Launching mavenrun-9d15b0bf-f5f4-4b91-a597-aba5cb638067] INFO  o.eclipse.m2e.core.internal.Bundles - getClasspathEntries(Bundle=com.google.guava.failureaccess_1.0.3 [19])
2026-02-14 14:08:04,116 [Worker-41: Launching mavenrun-9d15b0bf-f5f4-4b91-a597-aba5cb638067] INFO  o.eclipse.m2e.core.internal.Bundles - 	Entry: C:\sdet\eclipse-jee-2025-12-R-win32-x86_64\eclipse\plugins\com.google.guava.failureaccess_1.0.3.jar
2026-02-14 14:08:04,119 [Worker-41: Launching mavenrun-9d15b0bf-f5f4-4b91-a597-aba5cb638067] INFO  o.e.m.i.launch.MavenLaunchDelegate - Run build in "C:\Users\amuly\AppData\Local\Temp\m2e-archetypeGenerator14395577372470972868":
2026-02-14 14:08:04,119 [Worker-41: Launching mavenrun-9d15b0bf-f5f4-4b91-a597-aba5cb638067] INFO  o.e.m.i.launch.MavenLaunchDelegate -  mvn  -DjavaCompilerVersion=17 -DjunitVersion=5.11.0 -DarchetypeGroupId=org.apache.maven.archetypes -DarchetypeArtifactId=maven-archetype-quickstart -DarchetypeVersion=1.5 -DgroupId=com.capgemini -DartifactId=Assessment -Dversion=0.0.1-SNAPSHOT -Dpackage=com.capgemini.Assessment -DoutputDirectory=C:\Users\amuly\Desktop\Assignment -Dstyle.color=always -U archetype:generate
2026-02-14 14:10:06,879 [Worker-39: Creating maven-archetype-quickstart] INFO  o.e.m.c.i.p.ProjectConfigurationManager - Collecting project info '/pom.xml' C:\Users\amuly\Desktop\Assignment\Assessment\pom.xml
2026-02-14 14:10:07,227 [Worker-39: Creating maven-archetype-quickstart] INFO  o.e.m.c.i.l.LifecycleMappingFactory - Using org.eclipse.m2e.jdt.JarLifecycleMapping lifecycle mapping for MavenProject: com.capgemini:Assessment:0.0.1-SNAPSHOT @ C:\Users\amuly\Desktop\Assignment\Assessment\pom.xml.
2026-02-14 14:10:07,935 [Worker-39: Creating maven-archetype-quickstart] INFO  o.e.m.j.i.AbstractJavaProjectConfigurator - Adding source folder /Assessment/src/main/java
2026-02-14 14:10:07,937 [Worker-39: Creating maven-archetype-quickstart] INFO  o.e.m.j.i.AbstractJavaProjectConfigurator - Adding resource folder /Assessment/src/main/resources
2026-02-14 14:10:07,943 [Worker-39: Creating maven-archetype-quickstart] INFO  o.e.m.j.i.AbstractJavaProjectConfigurator - Adding source folder /Assessment/src/test/java
2026-02-14 14:10:07,945 [Worker-39: Creating maven-archetype-quickstart] INFO  o.e.m.j.i.AbstractJavaProjectConfigurator - Adding resource folder /Assessment/src/test/resources
2026-02-14 14:10:08,046 [Worker-39: Creating maven-archetype-quickstart] WARN  o.apache.maven.project.MavenProject - Direct modification of compileSourceRoots through clear() is deprecated and will not work in Maven 4.0.0. Please use the add/remove methods instead. If you're using a plugin that causes this warning, please upgrade to the latest version and report an issue if the warning persists. To disable these warnings, set -Dmaven.project.sourceRoots.warningsDisabled=true on the command line, in the .mvn/maven.config file, or in project POM properties.
2026-02-14 14:10:08,047 [Worker-39: Creating maven-archetype-quickstart] WARN  o.apache.maven.project.MavenProject - Direct modification of compileSourceRoots through add() is deprecated and will not work in Maven 4.0.0. Please use the add/remove methods instead. If you're using a plugin that causes this warning, please upgrade to the latest version and report an issue if the warning persists. To disable these warnings, set -Dmaven.project.sourceRoots.warningsDisabled=true on the command line, in the .mvn/maven.config file, or in project POM properties.
2026-02-14 14:10:08,048 [Worker-39: Creating maven-archetype-quickstart] WARN  o.apache.maven.project.MavenProject - Direct modification of testCompileSourceRoots through clear() is deprecated and will not work in Maven 4.0.0. Please use the add/remove methods instead. If you're using a plugin that causes this warning, please upgrade to the latest version and report an issue if the warning persists. To disable these warnings, set -Dmaven.project.sourceRoots.warningsDisabled=true on the command line, in the .mvn/maven.config file, or in project POM properties.
2026-02-14 14:10:08,048 [Worker-39: Creating maven-archetype-quickstart] WARN  o.apache.maven.project.MavenProject - Direct modification of testCompileSourceRoots through add() is deprecated and will not work in Maven 4.0.0. Please use the add/remove methods instead. If you're using a plugin that causes this warning, please upgrade to the latest version and report an issue if the warning persists. To disable these warnings, set -Dmaven.project.sourceRoots.warningsDisabled=true on the command line, in the .mvn/maven.config file, or in project POM properties.
2026-02-14 14:10:08,061 [Worker-39: Creating maven-archetype-quickstart] INFO  o.e.m.c.i.p.ProjectConfigurationManager - Imported and configured 1 project(s) in 1 sec
2026-02-14 14:10:08,502 [Worker-40: Building] INFO  o.a.m.s.f.DefaultMavenResourcesFiltering - skip non existing resourceDirectory C:\Users\amuly\Desktop\Assignment\Assessment\src\main\resources
2026-02-14 14:10:08,511 [Worker-40: Building] INFO  o.a.m.s.f.DefaultMavenResourcesFiltering - skip non existing resourceDirectory C:\Users\amuly\Desktop\Assignment\Assessment\src\test\resources
2026-02-14 14:10:08,850 [Worker-40: Building] WARN  o.apache.maven.project.MavenProject - Direct modification of compileSourceRoots through clear() is deprecated and will not work in Maven 4.0.0. Please use the add/remove methods instead. If you're using a plugin that causes this warning, please upgrade to the latest version and report an issue if the warning persists. To disable these warnings, set -Dmaven.project.sourceRoots.warningsDisabled=true on the command line, in the .mvn/maven.config file, or in project POM properties.
2026-02-14 14:10:08,852 [Worker-40: Building] WARN  o.apache.maven.project.MavenProject - Direct modification of compileSourceRoots through add() is deprecated and will not work in Maven 4.0.0. Please use the add/remove methods instead. If you're using a plugin that causes this warning, please upgrade to the latest version and report an issue if the warning persists. To disable these warnings, set -Dmaven.project.sourceRoots.warningsDisabled=true on the command line, in the .mvn/maven.config file, or in project POM properties.
2026-02-14 14:10:08,855 [Worker-40: Building] WARN  o.apache.maven.project.MavenProject - Direct modification of testCompileSourceRoots through clear() is deprecated and will not work in Maven 4.0.0. Please use the add/remove methods instead. If you're using a plugin that causes this warning, please upgrade to the latest version and report an issue if the warning persists. To disable these warnings, set -Dmaven.project.sourceRoots.warningsDisabled=true on the command line, in the .mvn/maven.config file, or in project POM properties.
2026-02-14 14:10:08,856 [Worker-40: Building] WARN  o.apache.maven.project.MavenProject - Direct modification of testCompileSourceRoots through add() is deprecated and will not work in Maven 4.0.0. Please use the add/remove methods instead. If you're using a plugin that causes this warning, please upgrade to the latest version and report an issue if the warning persists. To disable these warnings, set -Dmaven.project.sourceRoots.warningsDisabled=true on the command line, in the .mvn/maven.config file, or in project POM properties.
2026-02-14 14:10:33,262 [Worker-40: Building] INFO  o.a.m.s.f.DefaultMavenResourcesFiltering - Copying 0 resource from src\main\resources to target\classes
2026-02-14 14:10:33,266 [Worker-40: Building] INFO  o.a.m.s.f.DefaultMavenResourcesFiltering - Copying 0 resource from src\test\resources to target\test-classes
2026-02-14 14:10:33,280 [Worker-40: Building] WARN  o.apache.maven.project.MavenProject - Direct modification of compileSourceRoots through clear() is deprecated and will not work in Maven 4.0.0. Please use the add/remove methods instead. If you're using a plugin that causes this warning, please upgrade to the latest version and report an issue if the warning persists. To disable these warnings, set -Dmaven.project.sourceRoots.warningsDisabled=true on the command line, in the .mvn/maven.config file, or in project POM properties.
2026-02-14 14:10:33,281 [Worker-40: Building] WARN  o.apache.maven.project.MavenProject - Direct modification of compileSourceRoots through add() is deprecated and will not work in Maven 4.0.0. Please use the add/remove methods instead. If you're using a plugin that causes this warning, please upgrade to the latest version and report an issue if the warning persists. To disable these warnings, set -Dmaven.project.sourceRoots.warningsDisabled=true on the command line, in the .mvn/maven.config file, or in project POM properties.
2026-02-14 14:10:33,282 [Worker-40: Building] WARN  o.apache.maven.project.MavenProject - Direct modification of testCompileSourceRoots through clear() is deprecated and will not work in Maven 4.0.0. Please use the add/remove methods instead. If you're using a plugin that causes this warning, please upgrade to the latest version and report an issue if the warning persists. To disable these warnings, set -Dmaven.project.sourceRoots.warningsDisabled=true on the command line, in the .mvn/maven.config file, or in project POM properties.
2026-02-14 14:10:33,283 [Worker-40: Building] WARN  o.apache.maven.project.MavenProject - Direct modification of testCompileSourceRoots through add() is deprecated and will not work in Maven 4.0.0. Please use the add/remove methods instead. If you're using a plugin that causes this warning, please upgrade to the latest version and report an issue if the warning persists. To disable these warnings, set -Dmaven.project.sourceRoots.warningsDisabled=true on the command line, in the .mvn/maven.config file, or in project POM properties.
